<html>
<body>
<pre>
<h1>µVision Build Log</h1>
<h2>Tool Versions:</h2>
IDE-Version: µVision V5.25.2.0
Copyright (C) 2018 ARM Ltd and ARM Germany GmbH. All rights reserved.
License Information: NguyenDuy Khang, AnKhangCompany, LIC=GMZI6-DIQ9Q-X7URZ-J82XV-K0DQM-KYN9V
 
Tool Versions:
Toolchain:       MDK-ARM Plus  Version: 5.25.2.0
Toolchain Path:  C:\Keil_v5\ARM\ARMCC\Bin
C Compiler:      Armcc.exe V5.06 update 6 (build 750)
Assembler:       Armasm.exe V5.06 update 6 (build 750)
Linker/Locator:  ArmLink.exe V5.06 update 6 (build 750)
Library Manager: ArmAr.exe V5.06 update 6 (build 750)
Hex Converter:   FromElf.exe V5.06 update 6 (build 750)
CPU DLL:         SARMCM3.DLL V5.25.2.0
Dialog DLL:      DCM.DLL V1.17.1.0
Target DLL:      STLink\ST-LINKIII-KEIL_SWO.dll V3.0.1.0
Dialog DLL:      TCM.DLL V1.35.1.0
 
<h2>Project:</h2>
C:\Users\Admin\Desktop\LOADCELL\hx711_test\MDK-ARM\hx711_test.uvprojx
Project File Date:  05/27/2024

<h2>Output:</h2>
*** Using Compiler 'V5.06 update 6 (build 750)', folder: 'C:\Keil_v5\ARM\ARMCC\Bin'
Build target 'hx711_test'
assembling startup_stm32f407xx.s...
compiling stm32f4xx_hal_flash.c...
compiling hx711.c...
hx711.h(9): warning:  #1295-D: Deprecated declaration get_zero - give arg types
  extern int get_zero();
hx711.h(20): warning:  #1-D: last line of file ends without a newline
  #endif
hx711.c(9): warning:  #223-D: function "delay_ms" declared implicitly
    delay_ms(10);
hx711.c(27): warning:  #223-D: function "delay_us" declared implicitly
      delay_us(1);
hx711.c(36): warning:  #223-D: function "delay_us" declared implicitly
    delay_us(1);
hx711.c(46): warning:  #177-D: variable "span"  was declared but never referenced
    float span,zero;
hx711.c(46): warning:  #177-D: variable "zero"  was declared but never referenced
    float span,zero;
hx711.c: 7 warnings, 0 errors
compiling main.c...
../MDK-ARM/hx711.h(20): warning:  #1-D: last line of file ends without a newline
  #endif
../Core/Src/main.c(71): warning:  #1295-D: Deprecated declaration get_zero - give arg types
   int get_zero();
../Core/Src/main.c(80): warning:  #1295-D: Deprecated declaration transmit_data - give arg types
   void transmit_data();
../Core/Src/main.c: 3 warnings, 0 errors
compiling stm32f4xx_it.c...
compiling stm32f4xx_hal_msp.c...
compiling stm32f4xx_hal_flash_ex.c...
compiling stm32f4xx_hal_rcc_ex.c...
compiling stm32f4xx_hal_tim_ex.c...
compiling Delay.c...
compiling stm32f4xx_hal_rcc.c...
compiling stm32f4xx_hal_tim.c...
compiling stm32f4xx_hal_flash_ramfunc.c...
compiling stm32f4xx_hal_gpio.c...
compiling stm32f4xx_hal_pwr_ex.c...
compiling stm32f4xx_hal_exti.c...
compiling stm32f4xx_hal_cortex.c...
compiling stm32f4xx_hal.c...
compiling stm32f4xx_hal_uart.c...
compiling stm32f4xx_hal_dma_ex.c...
compiling system_stm32f4xx.c...
compiling stm32f4xx_hal_pwr.c...
compiling stm32f4xx_hal_dma.c...
linking...
Program Size: Code=9964 RO-data=456 RW-data=76 ZI-data=2052  
FromELF: creating hex file...
"hx711_test\hx711_test.axf" - 0 Error(s), 10 Warning(s).

<h2>Software Packages used:</h2>

Package Vendor: ARM
                http://www.keil.com/pack/ARM.CMSIS.5.3.0.pack
                ARM.CMSIS.5.3.0
                CMSIS (Cortex Microcontroller Software Interface Standard)
   * Component: CORE Version: 5.1.1

Package Vendor: Keil
                http://www.keil.com/pack/Keil.STM32F4xx_DFP.2.11.0.pack
                Keil.STM32F4xx_DFP.2.11.0
                STMicroelectronics STM32F4 Series Device Support, Drivers and Examples

<h2>Collection of Component include folders:</h2>
  .\RTE\_hx711_test
  C:\Keil_v5\ARM\PACK\ARM\CMSIS\5.3.0\CMSIS\Include
  C:\Keil_v5\ARM\PACK\Keil\STM32F4xx_DFP\2.11.0\Drivers\CMSIS\Device\ST\STM32F4xx\Include

<h2>Collection of Component Files used:</h2>

   * Component: ARM::CMSIS:CORE:5.1.1
Build Time Elapsed:  00:00:21
</pre>
</body>
</html>
